14:45:58 **** Incremental Build of configuration Debug for project thermo_fw ****
make -j12 all 
arm-none-eabi-gcc "../Core/Src/lcd.c" -mcpu=cortex-m0 -std=gnu11 -g3 -DUSE_HAL_DRIVER -DSTM32F031x6 -DDEBUG -c -I../Drivers/STM32F0xx_HAL_Driver/Inc -I../Drivers/CMSIS/Include -I../Core/Inc -I../Drivers/STM32F0xx_HAL_Driver/Inc/Legacy -I../Drivers/CMSIS/Device/ST/STM32F0xx/Include -O0 -ffunction-sections -fdata-sections -Wall -fstack-usage -MMD -MP -MF"Core/Src/lcd.d" -MT"Core/Src/lcd.o" --specs=nano.specs -mfloat-abi=soft -mthumb -o "Core/Src/lcd.o"
arm-none-eabi-gcc "../Core/Src/main.c" -mcpu=cortex-m0 -std=gnu11 -g3 -DUSE_HAL_DRIVER -DSTM32F031x6 -DDEBUG -c -I../Drivers/STM32F0xx_HAL_Driver/Inc -I../Drivers/CMSIS/Include -I../Core/Inc -I../Drivers/STM32F0xx_HAL_Driver/Inc/Legacy -I../Drivers/CMSIS/Device/ST/STM32F0xx/Include -O0 -ffunction-sections -fdata-sections -Wall -fstack-usage -MMD -MP -MF"Core/Src/main.d" -MT"Core/Src/main.o" --specs=nano.specs -mfloat-abi=soft -mthumb -o "Core/Src/main.o"
../Core/Src/lcd.c: In function 'LCD_decode_digits':
../Core/Src/lcd.c:44:10: warning: statement with no effect [-Wunused-value]
  bcd_temp[0];
  ~~~~~~~~^~~
arm-none-eabi-gcc -o "thermo_fw.elf" @"objects.list"   -mcpu=cortex-m0 -T"C:\projects\thermometer\thermo_fw\STM32F031K6TX_FLASH.ld" --specs=nosys.specs -Wl,-Map="thermo_fw.map" -Wl,--gc-sections -static --specs=nano.specs -mfloat-abi=soft -mthumb -Wl,--start-group -lc -lm -Wl,--end-group
Finished building target: thermo_fw.elf
 
arm-none-eabi-objdump -h -S  thermo_fw.elf  > "thermo_fw.list"
arm-none-eabi-size   thermo_fw.elf 
   text	   data	    bss	    dec	    hex	filename
  23128	     20	   1884	  25032	   61c8	thermo_fw.elf
Finished building: default.size.stdout
 
Finished building: thermo_fw.list
 
